error[E0277]: the trait bound `Vc<i32>: ResolvedValue` is not satisfied
 --> tests/derive_resolved_value/fail_contains_vc_inside_generic.rs:7:8
  |
7 |     a: Option<Box<[Vc<i32>; 4]>>,
  |        ^^^^^^^^^^^^^^^^^^^^^^^^^ the trait `ResolvedValue` is not implemented for `Vc<i32>`, which is required by `std::option::Option<Box<[Vc<i32>; 4]>>: ResolvedValue`
  |
  = help: the following other types implement trait `ResolvedValue`:
            &T
            &mut T
            ()
            (A, Z, Y, X, W, V, U, T)
            (B, A, Z, Y, X, W, V, U, T)
            (C, B, A, Z, Y, X, W, V, U, T)
            (D, C, B, A, Z, Y, X, W, V, U, T)
            (E, D, C, B, A, Z, Y, X, W, V, U, T)
          and $N others
  = note: required for `[Vc<i32>; 4]` to implement `ResolvedValue`
  = note: 2 redundant requirements hidden
  = note: required for `std::option::Option<Box<[Vc<i32>; 4]>>` to implement `ResolvedValue`
note: required by a bound in `DeriveResolvedValueAssertion::assert_impl_resolved_value`
 --> tests/derive_resolved_value/fail_contains_vc_inside_generic.rs:5:10
  |
5 | #[derive(ResolvedValue)]
  |          ^^^^^^^^^^^^^ required by this bound in `DeriveResolvedValueAssertion::assert_impl_resolved_value`
  = note: this error originates in the derive macro `ResolvedValue` (in Nightly builds, run with -Z macro-backtrace for more info)
